// Jest Snapshot v1, https://goo.gl/fbAQLP

exports[`CepField must match the snapshot 1`] = `
<DocumentFragment>
  <div>
    <label
      class="block mb-1 font-medium"
      for="cep"
    >
      CEP
    </label>
    <div
      class="flex items-center"
    >
      <input
        class="border p-2 rounded flex-1"
        id="cep"
        placeholder="Digite seu CEP"
        value=""
      />
      <button
        class="ml-2 px-4 py-2 bg-[#225741] text-white rounded cursor-pointer  hover:bg-green-700 transition"
        type="button"
      >
        <div
          class="flex items-center"
        >
          <svg
            aria-hidden="true"
            class="w-6 h-6"
            data-slot="icon"
            fill="none"
            stroke="currentColor"
            stroke-width="1.5"
            viewBox="0 0 24 24"
            xmlns="http://www.w3.org/2000/svg"
          >
            <path
              d="m21 21-5.197-5.197m0 0A7.5 7.5 0 1 0 5.196 5.196a7.5 7.5 0 0 0 10.607 10.607Z"
              stroke-linecap="round"
              stroke-linejoin="round"
            />
          </svg>
          <span
            class="mr-2"
          >
            Pesquisar
          </span>
        </div>
      </button>
    </div>
  </div>
</DocumentFragment>
`;
